ValueNumbering: test
  %1 = add nsw i32 undef, undef
Op Code:add
This is Addition
This is Addition
	i32 undef
	i32 undef
  %2 = icmp sgt i32 %1, 0
  br i1 %2, label %3, label %4
  br label %6
  %5 = add nsw i32 undef, undef
Op Code:add
This is Addition
This is Addition
	i32 undef
	i32 undef
  br label %6
  %7 = add nsw i32 %1, undef
Op Code:add
This is Addition
This is Addition
	  %1 = add nsw i32 undef, undef
	i32 undef
  ret void
ValueNumbering: main
